FuncDecl(Name: Var(main) ReturnType: int Parameters:  Body: CompoundStatement(Declarations: (string EQUALS(Var(hello) String("Hello World"),),  StatementList: Statement(Call(Receiver()FunctionName: apply_op Params: AnonFuncDef(ReturnType: void, Params: PARAM(string Var(s)) , Body: CompoundStatement(Declarations:  StatementList: Statement(Call(Receiver()FunctionName: printf Params: Identifier(s)))))Identifier(hello))), RETURN(Int(0)))) , FuncDecl(Name: Var(apply_op) ReturnType: void Parameters: AnonFuncDecl(Name: op, ReturnType: void, Params: PARAM(string) ), PARAM(string Var(s))  Body: CompoundStatement(Declarations:  StatementList: Statement(Call(Receiver()FunctionName: op Params: Identifier(s)))))
