FuncDecl(Name: Var(main) ReturnType: int Parameters:  Body: CompoundStatement(Declarations: (string EQUALS(Var(hello) String("Hello World"),),  StatementList: Statement(Call(FunctionName: apply_op Params: AnonFuncDef(ReturnType: void, Params: PARAM(string Var(s)) , Body: CompoundStatement(Declarations:  StatementList: Statement(Call(FunctionName: printf Params: Identifier(s)))))Identifier(hello))), RETURN(Int(0)))) 
