FuncDecl(Name: Var(main) ReturnType: int Parameters: PARAM(int Var(y)) , PARAM(int Var(x))  Body: CompoundStatement(Declarations: (int EQUALS(Var(t) Int(1),),  StatementList: Statement(EQUALS(Identifier(t), PLUS(Identifier(t), Int(1)))), IF Identifier(t) CompoundStatement(Declarations: (int EQUALS(Var(z) Int(3),),  StatementList: Statement(EQUALS(Identifier(z), MINUS(Identifier(z), Int(1)))))
 CompoundStatement(Declarations:  StatementList: Statement(EQUALS(Identifier(y), Int(4))), Statement(EQUALS(Identifier(x), Identifier(y)))), RETURN(Int(3))))
