(int Var(a),), (int Var(aGlobal),), FuncDecl(Name: Var(main) ReturnType: int Parameters: PARAM(int Var(argc))  Body: CompoundStatement(Declarations: (int EQUALS(Var(b) Int(1),),  StatementList: Statement(Call(Receiver()FunctionName: test Params: Identifier(b))), Statement(Call(Receiver()FunctionName: printf Params: Identifier(c))), RETURN(Identifier(b)))) , FuncDecl(Name: Var(test) ReturnType: int Parameters: PARAM(int Var(p))  Body: CompoundStatement(Declarations:  StatementList: RETURN(Int(1))))
