FuncDecl(Name: Var(main) ReturnType: int Parameters:  Body: CompoundStatement(Declarations: (string EQUALS(Var(hello) String("Hello World"),),  StatementList: Statement(Call(Receiver()FunctionName: Identifier(apply_op) Params: AnonFuncDef(ReturnType: void, Params: PARAM(string Var(s)) , Body: CompoundStatement(Declarations:  StatementList: Statement(Call(Receiver()FunctionName: Identifier(printf) Params: Identifier(s)))))Identifier(hello))), RETURN(Int(0)))) , FuncDecl(Name: Var(apply_op) ReturnType: void Parameters: AnonFuncDecl(Name: op, ReturnType: void, Params: PARAM(string) ), PARAM(string Var(s))  Body: CompoundStatement(Declarations:  StatementList: Statement(Call(Receiver()FunctionName: Identifier(op) Params: Identifier(s))))) 
