Struct((int Var(age),), (int Var(salary),), , Employee, Constructor(Body:
        CompoundStatement(Declarations:  StatementList: )),, )FuncDecl(Name: Var(main) ReturnType: int Parameters:  Body: CompoundStatement(Declarations: (Employee Pointer(Var(e)),), (int Var(t),),  StatementList: Statement(EQUALS(Access(Var(Identifier(e)),age), Int(1))), Statement(EQUALS(Identifier(t), Access(Var(Identifier(e)),age))), Statement(EQUALS(Identifier(t), Call(Receiver(Identifier(e))FunctionName: getAge Params: ))), RETURN(Int(0)))) , FuncDecl(Name: Var(getAge) ReturnType: RECEIVER(Employee,e) int Parameters:  Body: CompoundStatement(Declarations:  StatementList: RETURN(Access(Var(Identifier(e)),age)))) 
