FuncDecl(Name: Var(main) ReturnType: int Parameters:  Body: CompoundStatement(Declarations: (int EQUALS(Var(a) Int(1),), (int EQUALS(Var(b) Call(Receiver()FunctionName: Identifier(apply_int_op) Params: AnonFuncDef(ReturnType: int, Params: PARAM(int Var(x)) , Body: CompoundStatement(Declarations:  StatementList: RETURN(PLUS(Identifier(a), Identifier(x)))))Int(1)),),  StatementList: RETURN(Call(Receiver()FunctionName: Identifier(apply_int_op) Params: AnonFuncDef(ReturnType: int, Params: PARAM(int Var(x)) , Body: CompoundStatement(Declarations:  StatementList: RETURN(MINUS(Identifier(x), Int(2)))))Identifier(b))))) , FuncDecl(Name: Var(apply_int_op) ReturnType: int Parameters: AnonFuncDecl(Name: op, ReturnType: int, Params: PARAM(int) ), PARAM(int Var(param))  Body: CompoundStatement(Declarations:  StatementList: RETURN(Call(Receiver()FunctionName: Identifier(op) Params: Identifier(param))))) 
