Struct((int Var(x),), , MyStruct, Constructor(Body:
        CompoundStatement(Declarations:  StatementList: )),, )FuncDecl(Name: Var(main) ReturnType: int Parameters:  Body: CompoundStatement(Declarations: (MyStruct depth: 1 Var(m),),  StatementList: Statement(EQUALS(Access(Var(Identifier(m)),x), Int(1))), FOR EQUALS(Identifier(a), Int(1)) Compare(Access(Var(Identifier(m)),x),LESS_THAN,Int(10)) Postfix(Identifier(a),++) CompoundStatement(Declarations:  StatementList: Statement(ADD_EQUALS(Access(Var(Identifier(m)),x), Int(1)))), WHILE Compare(Identifier(a),LESS_THAN,Int(5)) CompoundStatement(Declarations:  StatementList: Statement(Postfix(Identifier(a),++))), RETURN(Identifier(a)))) 
