FuncDecl(Name: Var(main) ReturnType: int Parameters:  Body: CompoundStatement(Declarations: (int Var(i),),  StatementList: FOR EQUALS(Identifier(i), Int(1)) Compare(Identifier(i),LESS_THAN,Int(100)) Postfix(Identifier(i),++) CompoundStatement(Declarations:  StatementList: FOR EQUALS(Identifier(j), Int(1)) Compare(Identifier(j),LESS_THAN,Int(100)) Postfix(Identifier(j),++) CompoundStatement(Declarations:  StatementList: RETURN(Int(0)))))) 
