FuncDecl(Name: Var(main) ReturnType: int Parameters:  Body: CompoundStatement(Declarations: (int Var(i),), (int Var(j),),  StatementList: FOR EQUALS(Identifier(i), Int(0)) Compare(Identifier(i),LESS_THAN,Int(100)) Postfix(Identifier(i),++) CompoundStatement(Declarations:  StatementList: Statement(Call(Receiver()FunctionName: Identifier(printf) Params: String("AYEAYEAYE")))), RETURN(Int(0)))) 
