Struct((int Var(a),), (int Var(b),), (float Var(c),), , MyStruct, Constructor(MyStructBody:
        CompoundStatement(Declarations:  StatementList: Statement(EQUALS(a, Int(1))), Statement(EQUALS(b, Int(2))), Statement(EQUALS(c, Float(3.))))),, )FuncDecl(Name: Var(main) ReturnType: int Parameters:  Body: CompoundStatement(Declarations:  StatementList: RETURN(Int(0)))) , FuncDecl(Name: Var(help2) ReturnType: RECEIVER(MyStruct,m) int Parameters:  Body: CompoundStatement(Declarations:  StatementList: RETURN(MethodCall(Receiver: m,Call(FunctionName: help Params: )))) , FuncDecl(Name: Var(help) ReturnType: RECEIVER(MyStruct,m) int Parameters:  Body: CompoundStatement(Declarations:  StatementList: Statement(Call(FunctionName: printf Params: String("Hello\n"))), RETURN(Int(0))))
